System Monitor
 
 01:50:01 up 36 min,  1 user,  load average: 0.08, 0.06, 0.10
               total        used        free      shared  buff/cache   available
Mem:           3.8Gi       1.7Gi       230Mi        81Mi       2.0Gi       2.1Gi
Swap:          3.6Gi          0B       3.6Gi
Filesystem      Size  Used Avail Use% Mounted on
tmpfs           387M  2.0M  385M   1% /run
/dev/sda2        20G  9.5G  9.1G  51% /
tmpfs           1.9G     0  1.9G   0% /dev/shm
tmpfs           5.0M  8.0K  5.0M   1% /run/lock
tmpfs           387M  120K  387M   1% /run/user/1000
/dev/sr0         96M   96M     0 100% /media/viswa/CDROM
/dev/sr1        6.0G  6.0G     0 100% /media/viswa/Ubuntu 24.04.3 LTS amd64
 
System Monitor
 
 01:50:35 up 37 min,  1 user,  load average: 0.04, 0.06, 0.09
               total        used        free      shared  buff/cache   available
Mem:           3.8Gi       1.7Gi       231Mi        81Mi       2.0Gi       2.1Gi
Swap:          3.6Gi          0B       3.6Gi
Filesystem      Size  Used Avail Use% Mounted on
tmpfs           387M  2.0M  385M   1% /run
/dev/sda2        20G  9.5G  9.1G  51% /
tmpfs           1.9G     0  1.9G   0% /dev/shm
tmpfs           5.0M  8.0K  5.0M   1% /run/lock
tmpfs           387M  120K  387M   1% /run/user/1000
/dev/sr0         96M   96M     0 100% /media/viswa/CDROM
/dev/sr1        6.0G  6.0G     0 100% /media/viswa/Ubuntu 24.04.3 LTS amd64
 
System Monitor
 
 01:51:01 up 37 min,  1 user,  load average: 0.19, 0.08, 0.10
               total        used        free      shared  buff/cache   available
Mem:           3.8Gi       1.7Gi       231Mi        81Mi       2.0Gi       2.1Gi
Swap:          3.6Gi          0B       3.6Gi
Filesystem      Size  Used Avail Use% Mounted on
tmpfs           387M  2.0M  385M   1% /run
/dev/sda2        20G  9.5G  9.1G  51% /
tmpfs           1.9G     0  1.9G   0% /dev/shm
tmpfs           5.0M  8.0K  5.0M   1% /run/lock
tmpfs           387M  120K  387M   1% /run/user/1000
/dev/sr0         96M   96M     0 100% /media/viswa/CDROM
/dev/sr1        6.0G  6.0G     0 100% /media/viswa/Ubuntu 24.04.3 LTS amd64
 
System Monitor
 
 01:52:01 up 38 min,  1 user,  load average: 0.21, 0.10, 0.10
               total        used        free      shared  buff/cache   available
Mem:           3.8Gi       1.7Gi       228Mi        81Mi       2.0Gi       2.1Gi
Swap:          3.6Gi          0B       3.6Gi
Filesystem      Size  Used Avail Use% Mounted on
tmpfs           387M  2.0M  385M   1% /run
/dev/sda2        20G  9.5G  9.1G  51% /
tmpfs           1.9G     0  1.9G   0% /dev/shm
tmpfs           5.0M  8.0K  5.0M   1% /run/lock
tmpfs           387M  120K  387M   1% /run/user/1000
/dev/sr0         96M   96M     0 100% /media/viswa/CDROM
/dev/sr1        6.0G  6.0G     0 100% /media/viswa/Ubuntu 24.04.3 LTS amd64
 
System Monitor
 
 01:53:01 up 39 min,  1 user,  load average: 0.17, 0.11, 0.10
               total        used        free      shared  buff/cache   available
Mem:           3.8Gi       1.7Gi       228Mi        81Mi       2.0Gi       2.1Gi
Swap:          3.6Gi          0B       3.6Gi
Filesystem      Size  Used Avail Use% Mounted on
tmpfs           387M  2.0M  385M   1% /run
/dev/sda2        20G  9.5G  9.1G  51% /
tmpfs           1.9G     0  1.9G   0% /dev/shm
tmpfs           5.0M  8.0K  5.0M   1% /run/lock
tmpfs           387M  120K  387M   1% /run/user/1000
/dev/sr0         96M   96M     0 100% /media/viswa/CDROM
/dev/sr1        6.0G  6.0G     0 100% /media/viswa/Ubuntu 24.04.3 LTS amd64
 
System Monitor
 
 01:54:01 up 40 min,  1 user,  load average: 0.06, 0.09, 0.09
               total        used        free      shared  buff/cache   available
Mem:           3.8Gi       1.7Gi       234Mi        81Mi       2.0Gi       2.1Gi
Swap:          3.6Gi          0B       3.6Gi
Filesystem      Size  Used Avail Use% Mounted on
tmpfs           387M  2.0M  385M   1% /run
/dev/sda2        20G  9.5G  9.1G  51% /
tmpfs           1.9G     0  1.9G   0% /dev/shm
tmpfs           5.0M  8.0K  5.0M   1% /run/lock
tmpfs           387M  120K  387M   1% /run/user/1000
/dev/sr0         96M   96M     0 100% /media/viswa/CDROM
/dev/sr1        6.0G  6.0G     0 100% /media/viswa/Ubuntu 24.04.3 LTS amd64
 
System Monitor
 
 01:55:01 up 41 min,  1 user,  load average: 0.21, 0.12, 0.10
               total        used        free      shared  buff/cache   available
Mem:           3.8Gi       1.7Gi       240Mi        81Mi       2.0Gi       2.1Gi
Swap:          3.6Gi          0B       3.6Gi
Filesystem      Size  Used Avail Use% Mounted on
tmpfs           387M  2.0M  385M   1% /run
/dev/sda2        20G  9.5G  9.1G  51% /
tmpfs           1.9G     0  1.9G   0% /dev/shm
tmpfs           5.0M  8.0K  5.0M   1% /run/lock
tmpfs           387M  120K  387M   1% /run/user/1000
/dev/sr0         96M   96M     0 100% /media/viswa/CDROM
/dev/sr1        6.0G  6.0G     0 100% /media/viswa/Ubuntu 24.04.3 LTS amd64
 
System Monitor
 
 01:56:01 up 42 min,  1 user,  load average: 0.07, 0.09, 0.09
               total        used        free      shared  buff/cache   available
Mem:           3.8Gi       1.7Gi       242Mi        81Mi       2.0Gi       2.1Gi
Swap:          3.6Gi          0B       3.6Gi
Filesystem      Size  Used Avail Use% Mounted on
tmpfs           387M  2.0M  385M   1% /run
/dev/sda2        20G  9.5G  9.1G  51% /
tmpfs           1.9G     0  1.9G   0% /dev/shm
tmpfs           5.0M  8.0K  5.0M   1% /run/lock
tmpfs           387M  120K  387M   1% /run/user/1000
/dev/sr0         96M   96M     0 100% /media/viswa/CDROM
/dev/sr1        6.0G  6.0G     0 100% /media/viswa/Ubuntu 24.04.3 LTS amd64
 
System Monitor
 
 01:57:01 up 43 min,  1 user,  load average: 0.03, 0.07, 0.08
               total        used        free      shared  buff/cache   available
Mem:           3.8Gi       1.7Gi       242Mi        81Mi       2.0Gi       2.1Gi
Swap:          3.6Gi          0B       3.6Gi
Filesystem      Size  Used Avail Use% Mounted on
tmpfs           387M  2.0M  385M   1% /run
/dev/sda2        20G  9.5G  9.1G  51% /
tmpfs           1.9G     0  1.9G   0% /dev/shm
tmpfs           5.0M  8.0K  5.0M   1% /run/lock
tmpfs           387M  120K  387M   1% /run/user/1000
/dev/sr0         96M   96M     0 100% /media/viswa/CDROM
/dev/sr1        6.0G  6.0G     0 100% /media/viswa/Ubuntu 24.04.3 LTS amd64
 
System Monitor
 
 01:58:01 up 44 min,  1 user,  load average: 0.01, 0.06, 0.08
               total        used        free      shared  buff/cache   available
Mem:           3.8Gi       1.7Gi       222Mi        81Mi       2.0Gi       2.1Gi
Swap:          3.6Gi          0B       3.6Gi
Filesystem      Size  Used Avail Use% Mounted on
tmpfs           387M  2.0M  385M   1% /run
/dev/sda2        20G  9.5G  9.1G  51% /
tmpfs           1.9G     0  1.9G   0% /dev/shm
tmpfs           5.0M  8.0K  5.0M   1% /run/lock
tmpfs           387M  120K  387M   1% /run/user/1000
/dev/sr0         96M   96M     0 100% /media/viswa/CDROM
/dev/sr1        6.0G  6.0G     0 100% /media/viswa/Ubuntu 24.04.3 LTS amd64
 
System Monitor
 
 01:59:01 up 45 min,  1 user,  load average: 0.03, 0.06, 0.08
               total        used        free      shared  buff/cache   available
Mem:           3.8Gi       1.7Gi       239Mi        81Mi       2.0Gi       2.1Gi
Swap:          3.6Gi          0B       3.6Gi
Filesystem      Size  Used Avail Use% Mounted on
tmpfs           387M  2.0M  385M   1% /run
/dev/sda2        20G  9.5G  9.1G  51% /
tmpfs           1.9G     0  1.9G   0% /dev/shm
tmpfs           5.0M  8.0K  5.0M   1% /run/lock
tmpfs           387M  120K  387M   1% /run/user/1000
/dev/sr0         96M   96M     0 100% /media/viswa/CDROM
/dev/sr1        6.0G  6.0G     0 100% /media/viswa/Ubuntu 24.04.3 LTS amd64
 
System Monitor
 
 02:00:01 up 46 min,  1 user,  load average: 0.01, 0.05, 0.07
               total        used        free      shared  buff/cache   available
Mem:           3.8Gi       1.7Gi       238Mi        81Mi       2.0Gi       2.1Gi
Swap:          3.6Gi          0B       3.6Gi
Filesystem      Size  Used Avail Use% Mounted on
tmpfs           387M  2.0M  385M   1% /run
/dev/sda2        20G  9.5G  9.1G  51% /
tmpfs           1.9G     0  1.9G   0% /dev/shm
tmpfs           5.0M  8.0K  5.0M   1% /run/lock
tmpfs           387M  120K  387M   1% /run/user/1000
/dev/sr0         96M   96M     0 100% /media/viswa/CDROM
/dev/sr1        6.0G  6.0G     0 100% /media/viswa/Ubuntu 24.04.3 LTS amd64
 
System Monitor
 
 02:01:01 up 47 min,  1 user,  load average: 0.00, 0.03, 0.07
               total        used        free      shared  buff/cache   available
Mem:           3.8Gi       1.7Gi       239Mi        81Mi       2.0Gi       2.1Gi
Swap:          3.6Gi          0B       3.6Gi
Filesystem      Size  Used Avail Use% Mounted on
tmpfs           387M  2.0M  385M   1% /run
/dev/sda2        20G  9.5G  9.1G  51% /
tmpfs           1.9G     0  1.9G   0% /dev/shm
tmpfs           5.0M  8.0K  5.0M   1% /run/lock
tmpfs           387M  120K  387M   1% /run/user/1000
/dev/sr0         96M   96M     0 100% /media/viswa/CDROM
/dev/sr1        6.0G  6.0G     0 100% /media/viswa/Ubuntu 24.04.3 LTS amd64
 
System Monitor
 
 02:02:01 up 48 min,  1 user,  load average: 0.00, 0.03, 0.06
               total        used        free      shared  buff/cache   available
Mem:           3.8Gi       1.7Gi       238Mi        81Mi       2.0Gi       2.1Gi
Swap:          3.6Gi          0B       3.6Gi
Filesystem      Size  Used Avail Use% Mounted on
tmpfs           387M  2.0M  385M   1% /run
/dev/sda2        20G  9.5G  9.1G  51% /
tmpfs           1.9G     0  1.9G   0% /dev/shm
tmpfs           5.0M  8.0K  5.0M   1% /run/lock
tmpfs           387M  120K  387M   1% /run/user/1000
/dev/sr0         96M   96M     0 100% /media/viswa/CDROM
/dev/sr1        6.0G  6.0G     0 100% /media/viswa/Ubuntu 24.04.3 LTS amd64
 
System Monitor
 
 02:03:01 up 49 min,  1 user,  load average: 0.00, 0.02, 0.05
               total        used        free      shared  buff/cache   available
Mem:           3.8Gi       1.7Gi       202Mi        81Mi       2.0Gi       2.1Gi
Swap:          3.6Gi          0B       3.6Gi
Filesystem      Size  Used Avail Use% Mounted on
tmpfs           387M  2.0M  385M   1% /run
/dev/sda2        20G  9.5G  9.1G  51% /
tmpfs           1.9G     0  1.9G   0% /dev/shm
tmpfs           5.0M  8.0K  5.0M   1% /run/lock
tmpfs           387M  120K  387M   1% /run/user/1000
/dev/sr0         96M   96M     0 100% /media/viswa/CDROM
/dev/sr1        6.0G  6.0G     0 100% /media/viswa/Ubuntu 24.04.3 LTS amd64
 
System Monitor
 
 02:04:01 up 50 min,  1 user,  load average: 0.00, 0.01, 0.05
               total        used        free      shared  buff/cache   available
Mem:           3.8Gi       1.7Gi       225Mi        81Mi       2.0Gi       2.1Gi
Swap:          3.6Gi          0B       3.6Gi
Filesystem      Size  Used Avail Use% Mounted on
tmpfs           387M  2.0M  385M   1% /run
/dev/sda2        20G  9.5G  9.1G  51% /
tmpfs           1.9G     0  1.9G   0% /dev/shm
tmpfs           5.0M  8.0K  5.0M   1% /run/lock
tmpfs           387M  120K  387M   1% /run/user/1000
/dev/sr0         96M   96M     0 100% /media/viswa/CDROM
/dev/sr1        6.0G  6.0G     0 100% /media/viswa/Ubuntu 24.04.3 LTS amd64
 
System Monitor
 
 02:05:01 up 51 min,  1 user,  load average: 0.00, 0.01, 0.04
               total        used        free      shared  buff/cache   available
Mem:           3.8Gi       1.7Gi       231Mi        81Mi       2.0Gi       2.1Gi
Swap:          3.6Gi          0B       3.6Gi
Filesystem      Size  Used Avail Use% Mounted on
tmpfs           387M  2.0M  385M   1% /run
/dev/sda2        20G  9.5G  9.1G  51% /
tmpfs           1.9G     0  1.9G   0% /dev/shm
tmpfs           5.0M  8.0K  5.0M   1% /run/lock
tmpfs           387M  120K  387M   1% /run/user/1000
/dev/sr0         96M   96M     0 100% /media/viswa/CDROM
/dev/sr1        6.0G  6.0G     0 100% /media/viswa/Ubuntu 24.04.3 LTS amd64
 
System Monitor
 
 02:06:01 up 52 min,  1 user,  load average: 0.00, 0.00, 0.04
               total        used        free      shared  buff/cache   available
Mem:           3.8Gi       1.7Gi       231Mi        81Mi       2.0Gi       2.1Gi
Swap:          3.6Gi          0B       3.6Gi
Filesystem      Size  Used Avail Use% Mounted on
tmpfs           387M  2.0M  385M   1% /run
/dev/sda2        20G  9.5G  9.1G  51% /
tmpfs           1.9G     0  1.9G   0% /dev/shm
tmpfs           5.0M  8.0K  5.0M   1% /run/lock
tmpfs           387M  120K  387M   1% /run/user/1000
/dev/sr0         96M   96M     0 100% /media/viswa/CDROM
/dev/sr1        6.0G  6.0G     0 100% /media/viswa/Ubuntu 24.04.3 LTS amd64
 
System Monitor
 
 02:07:02 up 53 min,  1 user,  load average: 0.00, 0.00, 0.03
               total        used        free      shared  buff/cache   available
Mem:           3.8Gi       1.7Gi       230Mi        81Mi       2.0Gi       2.1Gi
Swap:          3.6Gi          0B       3.6Gi
Filesystem      Size  Used Avail Use% Mounted on
tmpfs           387M  2.0M  385M   1% /run
/dev/sda2        20G  9.5G  9.1G  51% /
tmpfs           1.9G     0  1.9G   0% /dev/shm
tmpfs           5.0M  8.0K  5.0M   1% /run/lock
tmpfs           387M  120K  387M   1% /run/user/1000
/dev/sr0         96M   96M     0 100% /media/viswa/CDROM
/dev/sr1        6.0G  6.0G     0 100% /media/viswa/Ubuntu 24.04.3 LTS amd64
 
System Monitor
 
 02:08:01 up 54 min,  1 user,  load average: 0.00, 0.00, 0.02
               total        used        free      shared  buff/cache   available
Mem:           3.8Gi       1.7Gi       187Mi        81Mi       2.0Gi       2.1Gi
Swap:          3.6Gi          0B       3.6Gi
Filesystem      Size  Used Avail Use% Mounted on
tmpfs           387M  2.0M  385M   1% /run
/dev/sda2        20G  9.5G  9.1G  51% /
tmpfs           1.9G     0  1.9G   0% /dev/shm
tmpfs           5.0M  8.0K  5.0M   1% /run/lock
tmpfs           387M  120K  387M   1% /run/user/1000
/dev/sr0         96M   96M     0 100% /media/viswa/CDROM
/dev/sr1        6.0G  6.0G     0 100% /media/viswa/Ubuntu 24.04.3 LTS amd64
 
System Monitor
 
 02:09:01 up 55 min,  1 user,  load average: 0.00, 0.00, 0.02
               total        used        free      shared  buff/cache   available
Mem:           3.8Gi       1.7Gi       178Mi        81Mi       2.0Gi       2.1Gi
Swap:          3.6Gi          0B       3.6Gi
Filesystem      Size  Used Avail Use% Mounted on
tmpfs           387M  2.0M  385M   1% /run
/dev/sda2        20G  9.5G  9.1G  51% /
tmpfs           1.9G     0  1.9G   0% /dev/shm
tmpfs           5.0M  8.0K  5.0M   1% /run/lock
tmpfs           387M  120K  387M   1% /run/user/1000
/dev/sr0         96M   96M     0 100% /media/viswa/CDROM
/dev/sr1        6.0G  6.0G     0 100% /media/viswa/Ubuntu 24.04.3 LTS amd64
 
System Monitor
 
 02:10:01 up 56 min,  1 user,  load average: 0.00, 0.00, 0.01
               total        used        free      shared  buff/cache   available
Mem:           3.8Gi       1.7Gi       192Mi        81Mi       2.0Gi       2.1Gi
Swap:          3.6Gi          0B       3.6Gi
Filesystem      Size  Used Avail Use% Mounted on
tmpfs           387M  2.0M  385M   1% /run
/dev/sda2        20G  9.5G  9.1G  51% /
tmpfs           1.9G     0  1.9G   0% /dev/shm
tmpfs           5.0M  8.0K  5.0M   1% /run/lock
tmpfs           387M  120K  387M   1% /run/user/1000
/dev/sr0         96M   96M     0 100% /media/viswa/CDROM
/dev/sr1        6.0G  6.0G     0 100% /media/viswa/Ubuntu 24.04.3 LTS amd64
 
System Monitor
 
 02:11:01 up 57 min,  1 user,  load average: 0.00, 0.00, 0.01
               total        used        free      shared  buff/cache   available
Mem:           3.8Gi       1.7Gi       200Mi        81Mi       2.0Gi       2.1Gi
Swap:          3.6Gi          0B       3.6Gi
Filesystem      Size  Used Avail Use% Mounted on
tmpfs           387M  2.0M  385M   1% /run
/dev/sda2        20G  9.5G  9.1G  51% /
tmpfs           1.9G     0  1.9G   0% /dev/shm
tmpfs           5.0M  8.0K  5.0M   1% /run/lock
tmpfs           387M  120K  387M   1% /run/user/1000
/dev/sr0         96M   96M     0 100% /media/viswa/CDROM
/dev/sr1        6.0G  6.0G     0 100% /media/viswa/Ubuntu 24.04.3 LTS amd64
 
